16:50:54 **** Build of configuration Debug for project project_desd ****
make -j8 all 
arm-none-eabi-size   project_desd.elf 
   text	   data	    bss	    dec	    hex	filename
  14156	    100	   2412	  16668	   411c	project_desd.elf
Finished building: default.size.stdout
 
16:51:03 **** Incremental Build of configuration Debug for project project_desd ****
make -j8 all 
arm-none-eabi-size   project_desd.elf 
   text	   data	    bss	    dec	    hex	filename
  14156	    100	   2412	  16668	   411c	project_desd.elf
Finished building: default.size.stdout
 
